2025-02-03 10:59:01,534 - ERROR - 데이터베이스 비밀번호가 설정되지 않았습니다.
2025-02-03 11:02:41,005 - ERROR - 데이터베이스 비밀번호가 설정되지 않았습니다.
2025-02-03 11:06:41,089 - ERROR - 데이터베이스 비밀번호가 설정되지 않았습니다.
2025-02-03 11:08:32,851 - ERROR - MSSQL 연결 에러: ('08001', '[08001] [Microsoft][ODBC Driver 17 for SQL Server]명명된 파이프 공급자: SQL Server에 대한 연결을 열 수 없습니다. [53].  (53) (SQLDriverConnect); [08001] [Microsoft][ODBC Driver 17 for SQL Server]로그인 제한 시간이 만료되었습니다. (0); [08001] [Microsoft][ODBC Driver 17 for SQL Server]SQL Server에 연결을 설정하는 중에 네트워크 관련 또는 인스턴스 관련 오류가 발생했습니다. 서버를 찾을 수 없거나 액세스할 수 없습니다. 인스턴스 이름이 올바르고 SQL Server가 원격 연결을 허용하도록 구성되어 있는지 확인하십시오. 자세한 내용은 SQL Server 온라인 설명서를 참조하십시오. (53)')
2025-02-03 11:11:40,535 - ERROR - MSSQL 연결 에러: ('08001', '[08001] [Microsoft][ODBC Driver 17 for SQL Server]명명된 파이프 공급자: SQL Server에 대한 연결을 열 수 없습니다. [53].  (53) (SQLDriverConnect); [08001] [Microsoft][ODBC Driver 17 for SQL Server]로그인 제한 시간이 만료되었습니다. (0); [08001] [Microsoft][ODBC Driver 17 for SQL Server]SQL Server에 연결을 설정하는 중에 네트워크 관련 또는 인스턴스 관련 오류가 발생했습니다. 서버를 찾을 수 없거나 액세스할 수 없습니다. 인스턴스 이름이 올바르고 SQL Server가 원격 연결을 허용하도록 구성되어 있는지 확인하십시오. 자세한 내용은 SQL Server 온라인 설명서를 참조하십시오. (53)')
2025-02-03 11:23:06,071 - ERROR - MSSQL 연결 에러: ('08001', '[08001] [Microsoft][ODBC Driver 17 for SQL Server]명명된 파이프 공급자: SQL Server에 대한 연결을 열 수 없습니다. [53].  (53) (SQLDriverConnect); [08001] [Microsoft][ODBC Driver 17 for SQL Server]로그인 제한 시간이 만료되었습니다. (0); [08001] [Microsoft][ODBC Driver 17 for SQL Server]SQL Server에 연결을 설정하는 중에 네트워크 관련 또는 인스턴스 관련 오류가 발생했습니다. 서버를 찾을 수 없거나 액세스할 수 없습니다. 인스턴스 이름이 올바르고 SQL Server가 원격 연결을 허용하도록 구성되어 있는지 확인하십시오. 자세한 내용은 SQL Server 온라인 설명서를 참조하십시오. (53)')
2025-02-03 11:29:59,460 - ERROR - MSSQL 연결 에러: ('08001', '[08001] [Microsoft][ODBC Driver 17 for SQL Server]명명된 파이프 공급자: SQL Server에 대한 연결을 열 수 없습니다. [53].  (53) (SQLDriverConnect); [08001] [Microsoft][ODBC Driver 17 for SQL Server]로그인 제한 시간이 만료되었습니다. (0); [08001] [Microsoft][ODBC Driver 17 for SQL Server]SQL Server에 연결을 설정하는 중에 네트워크 관련 또는 인스턴스 관련 오류가 발생했습니다. 서버를 찾을 수 없거나 액세스할 수 없습니다. 인스턴스 이름이 올바르고 SQL Server가 원격 연결을 허용하도록 구성되어 있는지 확인하십시오. 자세한 내용은 SQL Server 온라인 설명서를 참조하십시오. (53)')
2025-02-03 11:31:41,461 - ERROR - MSSQL 연결 에러: ('08001', '[08001] [Microsoft][ODBC Driver 17 for SQL Server]명명된 파이프 공급자: SQL Server에 대한 연결을 열 수 없습니다. [53].  (53) (SQLDriverConnect); [08001] [Microsoft][ODBC Driver 17 for SQL Server]로그인 제한 시간이 만료되었습니다. (0); [08001] [Microsoft][ODBC Driver 17 for SQL Server]SQL Server에 연결을 설정하는 중에 네트워크 관련 또는 인스턴스 관련 오류가 발생했습니다. 서버를 찾을 수 없거나 액세스할 수 없습니다. 인스턴스 이름이 올바르고 SQL Server가 원격 연결을 허용하도록 구성되어 있는지 확인하십시오. 자세한 내용은 SQL Server 온라인 설명서를 참조하십시오. (53)')
2025-02-03 11:32:23,616 - ERROR - MSSQL 연결 에러: ('08001', '[08001] [Microsoft][ODBC Driver 17 for SQL Server]명명된 파이프 공급자: SQL Server에 대한 연결을 열 수 없습니다. [53].  (53) (SQLDriverConnect); [08001] [Microsoft][ODBC Driver 17 for SQL Server]로그인 제한 시간이 만료되었습니다. (0); [08001] [Microsoft][ODBC Driver 17 for SQL Server]SQL Server에 연결을 설정하는 중에 네트워크 관련 또는 인스턴스 관련 오류가 발생했습니다. 서버를 찾을 수 없거나 액세스할 수 없습니다. 인스턴스 이름이 올바르고 SQL Server가 원격 연결을 허용하도록 구성되어 있는지 확인하십시오. 자세한 내용은 SQL Server 온라인 설명서를 참조하십시오. (53)')
2025-02-03 11:32:46,021 - ERROR - MSSQL 연결 에러: ('08001', '[08001] [Microsoft][ODBC Driver 17 for SQL Server]명명된 파이프 공급자: SQL Server에 대한 연결을 열 수 없습니다. [53].  (53) (SQLDriverConnect); [08001] [Microsoft][ODBC Driver 17 for SQL Server]로그인 제한 시간이 만료되었습니다. (0); [08001] [Microsoft][ODBC Driver 17 for SQL Server]SQL Server에 연결을 설정하는 중에 네트워크 관련 또는 인스턴스 관련 오류가 발생했습니다. 서버를 찾을 수 없거나 액세스할 수 없습니다. 인스턴스 이름이 올바르고 SQL Server가 원격 연결을 허용하도록 구성되어 있는지 확인하십시오. 자세한 내용은 SQL Server 온라인 설명서를 참조하십시오. (53)')
2025-02-03 12:38:49,647 - ERROR - MSSQL 연결 에러: ('08001', '[08001] [Microsoft][ODBC Driver 17 for SQL Server]TCP 공급자: 알려진 호스트가 없습니다.\r\n (11001) (SQLDriverConnect); [08001] [Microsoft][ODBC Driver 17 for SQL Server]로그인 제한 시간이 만료되었습니다. (0); [08001] [Microsoft][ODBC Driver 17 for SQL Server]SQL Server에 연결을 설정하는 중에 네트워크 관련 또는 인스턴스 관련 오류가 발생했습니다. 서버를 찾을 수 없거나 액세스할 수 없습니다. 인스턴스 이름이 올바르고 SQL Server가 원격 연결을 허용하도록 구성되어 있는지 확인하십시오. 자세한 내용은 SQL Server 온라인 설명서를 참조하십시오. (11001)')
2025-02-03 12:45:14,857 - ERROR - MSSQL 연결 에러: ('08001', '[08001] [Microsoft][ODBC Driver 17 for SQL Server]TCP 공급자: 알려진 호스트가 없습니다.\r\n (11001) (SQLDriverConnect); [08001] [Microsoft][ODBC Driver 17 for SQL Server]로그인 제한 시간이 만료되었습니다. (0); [08001] [Microsoft][ODBC Driver 17 for SQL Server]SQL Server에 연결을 설정하는 중에 네트워크 관련 또는 인스턴스 관련 오류가 발생했습니다. 서버를 찾을 수 없거나 액세스할 수 없습니다. 인스턴스 이름이 올바르고 SQL Server가 원격 연결을 허용하도록 구성되어 있는지 확인하십시오. 자세한 내용은 SQL Server 온라인 설명서를 참조하십시오. (11001)')
2025-02-03 16:49:36,584 - ERROR - MSSQL 연결 에러: ('08001', '[08001] [Microsoft][ODBC Driver 17 for SQL Server]TCP 공급자: 알려진 호스트가 없습니다.\r\n (11001) (SQLDriverConnect); [08001] [Microsoft][ODBC Driver 17 for SQL Server]로그인 제한 시간이 만료되었습니다. (0); [08001] [Microsoft][ODBC Driver 17 for SQL Server]SQL Server에 연결을 설정하는 중에 네트워크 관련 또는 인스턴스 관련 오류가 발생했습니다. 서버를 찾을 수 없거나 액세스할 수 없습니다. 인스턴스 이름이 올바르고 SQL Server가 원격 연결을 허용하도록 구성되어 있는지 확인하십시오. 자세한 내용은 SQL Server 온라인 설명서를 참조하십시오. (11001)')
2025-02-03 16:50:55,345 - ERROR - MSSQL 연결 에러: ('08001', '[08001] [Microsoft][ODBC Driver 17 for SQL Server]TCP 공급자: 알려진 호스트가 없습니다.\r\n (11001) (SQLDriverConnect); [08001] [Microsoft][ODBC Driver 17 for SQL Server]로그인 제한 시간이 만료되었습니다. (0); [08001] [Microsoft][ODBC Driver 17 for SQL Server]SQL Server에 연결을 설정하는 중에 네트워크 관련 또는 인스턴스 관련 오류가 발생했습니다. 서버를 찾을 수 없거나 액세스할 수 없습니다. 인스턴스 이름이 올바르고 SQL Server가 원격 연결을 허용하도록 구성되어 있는지 확인하십시오. 자세한 내용은 SQL Server 온라인 설명서를 참조하십시오. (11001)')
2025-02-03 17:10:58,744 - ERROR - MSSQL 연결 에러: ('08001', '[08001] [Microsoft][ODBC Driver 17 for SQL Server]TCP 공급자: 알려진 호스트가 없습니다.\r\n (11001) (SQLDriverConnect); [08001] [Microsoft][ODBC Driver 17 for SQL Server]로그인 제한 시간이 만료되었습니다. (0); [08001] [Microsoft][ODBC Driver 17 for SQL Server]SQL Server에 연결을 설정하는 중에 네트워크 관련 또는 인스턴스 관련 오류가 발생했습니다. 서버를 찾을 수 없거나 액세스할 수 없습니다. 인스턴스 이름이 올바르고 SQL Server가 원격 연결을 허용하도록 구성되어 있는지 확인하십시오. 자세한 내용은 SQL Server 온라인 설명서를 참조하십시오. (11001)')
2025-02-03 17:14:04,786 - ERROR - MSSQL 연결 에러: ('08001', '[08001] [Microsoft][ODBC Driver 17 for SQL Server]TCP 공급자: 알려진 호스트가 없습니다.\r\n (11001) (SQLDriverConnect); [08001] [Microsoft][ODBC Driver 17 for SQL Server]로그인 제한 시간이 만료되었습니다. (0); [08001] [Microsoft][ODBC Driver 17 for SQL Server]SQL Server에 연결을 설정하는 중에 네트워크 관련 또는 인스턴스 관련 오류가 발생했습니다. 서버를 찾을 수 없거나 액세스할 수 없습니다. 인스턴스 이름이 올바르고 SQL Server가 원격 연결을 허용하도록 구성되어 있는지 확인하십시오. 자세한 내용은 SQL Server 온라인 설명서를 참조하십시오. (11001)')
2025-02-03 17:23:31,249 - INFO - MSSQL에 성공적으로 연결되었습니다.
2025-02-03 17:23:32,190 - ERROR - API 호출 오류: 400 Client Error: Bad Request for url: https://fr24api.flightradar24.com/api/live/flight-positions/light
2025-02-03 17:23:32,191 - INFO - API 응답이 없습니다.
2025-02-03 17:23:48,138 - ERROR - API 호출 오류: 400 Client Error: Bad Request for url: https://fr24api.flightradar24.com/api/live/flight-positions/light
2025-02-03 17:23:48,139 - INFO - API 응답이 없습니다.
2025-02-03 17:24:04,068 - ERROR - API 호출 오류: 400 Client Error: Bad Request for url: https://fr24api.flightradar24.com/api/live/flight-positions/light
2025-02-03 17:24:04,069 - INFO - API 응답이 없습니다.
2025-02-03 17:24:19,986 - ERROR - API 호출 오류: 400 Client Error: Bad Request for url: https://fr24api.flightradar24.com/api/live/flight-positions/light
2025-02-03 17:24:19,987 - INFO - API 응답이 없습니다.
2025-02-03 17:24:22,477 - INFO - 사용자에 의해 스크립트가 중단되었습니다.
2025-02-03 17:24:22,489 - INFO - 데이터베이스 연결이 종료되었습니다.
